---
source: app/tui/src/widgets/mod.test.rs
expression: output
---
                                                                                
       ┌ Bash [HIGH] ────────────────────────────────────────────────────┐      
       │Execute shell command                                            │      
       │                                                                 │      
       │Command:                                                         │      
       │  $ rm -rf /tmp/test                                             │      
       │                                                                 │      
       │Directory: /home/user/project                                    │      
       │                                                                 │      
       │⚠ Removes files recursively                                      │      
       │                                                                 │      
       │Actions:                                                         │      
       │▸ Yes, approve once                                              │      
       │  Yes, always allow Bash for this session                        │      
       │  No, deny                                                       │      
       │↑/↓ Navigate  Enter Select  Y/N/A shortcuts                      │      
       │                                                                 │      
       │                                                                 │      
       └─────────────────────────────────────────────────────────────────┘      
                                                                                
────────────────────────────────────────────────────────────────────────────────
❯                                                                               
────────────────────────────────────────────────────────────────────────────────
 opus-4 * auto | show thinking(F2):off | ↑0 ↓0 · cache 0% | ctx 0% | 0 msgs
