---
source: app/tui/src/widgets/mod.test.rs
expression: output
---
                                                                                
                                                                                
                                                                                
                                                                                
                                                                                
                                                                                
                                                                                
                                                                                
                                                                                
                                                                                
                                                                                
                                                                                
                                                                                
                                                                                
                                                                                
                                                                                
                                                                                
                                                                                
                                                                                
                                                                                
 Input ─────────────────────────────────────────────────────────────────────────
> Type a message...                                                             
                                                                                
  | Default | 0 msgs
