---
source: app/tui/src/widgets/mod.test.rs
expression: output
---
 ╭─╮ ╭─╮  COCO v0.0.0                                                           
 │●│ │●│  opus-4  *  auto                                                       
 ╰─╯ ╰─╯                                                                        
                                                                                
────────────────────────────────────────────────────────────────────────────────
❯                                       ✓ Operation completed                   
────────────────────────────────────────────────────────────────────────────────
 opus-4 * auto | show thinking(F2):off | ↑0 ↓0 · cache 0% | ctx 0% | 0 msgs
