---
source: app/tui/src/widgets/mod.test.rs
expression: output
---
 | opus-4 | PLAN | turn 3                                                       
 ⚠ Permission: plan — read-only exploration. Writes require /plan exit.         
> Plan the implementation                                                       
                                                                                
                                                                                
                                                                                
                                                                                
                                                                                
                                                                                
                                                                                
                                                                                
                                                                                
                                                                                
                                                                                
                                                                                
                                                                                
                                                                                
                                                                                
                                                                                
                                                                                
 Plan Mode ─────────────────────────────────────────────────────────────────────
! Type a message...                                                             
                                                                                
 opus-4 | Plan | 1 msgs
