---
source: app/tui/src/widgets/mod.test.rs
expression: output
---
 ╭─╮ ╭─╮  COCO v0.0.0                                                           
 │●│ │●│  opus-4  *  auto                                                       
 ╰─╯ ╰─╯                                                                        
                                                                                
────────────────────────────────────────────────────────────────────────────────
❯ /c                                                                            
────────────────────────────────────────────────────────────────────────────────
▸   /clear    Clear chat                                                        
    /config   Settings
