---
source: app/tui/src/widgets/mod.test.rs
assertion_line: 134
expression: output
---
 ╭─╮ ╭─╮   COCO v0.0.0                                                          
 │●│ │●│   opus-4  *  auto                                                      
 ╰─╯ ╰─╯                                                                        
                                                                                
────────────────────────────────────────────────────────────────────────────────
❯ Type a mes┌ Bash [HIGH] ─────────────────────────────────────────┐            
────────────│Execute shell command                                 │────────────
 opus-4 * au│                                                      │            
            │Command:                                              │            
            │  $ rm -rf /tmp/test                                  │            
            │                                                      │            
            │Directory: /home/user/project                         │            
            │                                                      │            
            │⚠ Removes files recursively                           │            
            │                                                      │            
            │[Y] Approve  [N] Deny  [A] Always Allow               │            
            │                                                      │            
            │                                                      │            
            └──────────────────────────────────────────────────────┘
