---
source: app/tui/src/widgets/mod.test.rs
expression: output
---
 ╭─╮ ╭─╮  COCO v0.1.0                                                           
 │●│ │●│  opus-4  *  auto                                                       
 ╰─╯ ╰─╯                                                                        
                                                                                
┌ Bash [HIGH] ─────────────────────────────────────────────────────────────────┐
│Execute shell command                                                         │
│...                                                                           │
│Actions:                                                                      │
│▸ 1/y · Yes, approve once ◂                                                   │
│  2/n · No, deny                                                              │
│↑/↓ Navigate  Enter Select  1-2 or Y/N shortcuts                              │
└──────────────────────────────────────────────────────────────────────────────┘
────────────────────────────────────────────────────────────────────────────────
❯                                                                               
────────────────────────────────────────────────────────────────────────────────
 opus-4 * auto | ↑0 ↓0 · cache 0/0% | ctx -- | →0 ←0
