---
source: app/tui/src/widgets/mod.test.rs
expression: output
---
 ╭─╮ ╭─╮  COCO v0.1.0                                                                               
 │●│ │●│  opus-4  *  auto                                                                           
 ╰─╯ ╰─╯                                                                                            
                                                                                                    
 Agents ────────────────────────────────────────────────────────────────────────────────────────────
  Subagents (1/3) · 80 tools · ↑150.1k ↓1.1k · cache 86% · $0.31                                    
  ● Explore: Map app/root crates  33 tools · 1m 28s · ↑68.1k ↓468 · cache 93% · $0.12               
  ● Plan: Design refactor  10 tools · 1m 20s · ↑12.0k ↓100 · $0.01                                  
────────────────────────────────────────────────────────────────────────────────────────────────────
❯                                                                                                   
────────────────────────────────────────────────────────────────────────────────────────────────────
 opus-4 * auto | ↑0 ↓0 · cache 0/0% | ctx -- | →0 ←0
