---
source: app/tui/src/widgets/mod.test.rs
expression: output
---
 ╭─╮ ╭─╮  COCO v0.1.0                                                           
 │●│ │●│  sonnet-4-6  *  auto                                                   
 ╰─╯ ╰─╯                                                                        
                                                                                
────────────────────────────────────────────────────────────────────────────────
❯                                                                               
────────────────────────────────────────────────────────────────────────────────
 sonnet-4-6 * auto | ↑0 ↓0 · cache 0/0% | ctx -- | →0 ←0
