---
source: app/tui/src/widgets/mod.test.rs
assertion_line: 477
expression: output
---
 ╭─╮ ╭─╮   COCO v0.0.0                                                          
 │●│ │●│   opus-4  *  auto                                                      
 ╰─╯ ╰─╯                                                                        
                                                                                
────────────────────────────────────────────────────────────────────────────────
❯ /c                                                                            
────────────────────────────────────────────────────────────────────────────────
▸ /clear    Clear conversation                                                  
  /compact  Compact conversation
