---
source: app/tui/src/widgets/mod.test.rs
expression: output
---
 ╭─╮ ╭─╮  COCO v0.0.0                                                           
 │●│ │●│  opus-4  *  auto                                                       
 ╰─╯ ╰─╯                                                                        
                                                                                
❯ Plan the implementation                                                       
                                                                                
 Plan Mode ─────────────────────────────────────────────────────────────────────
❯                                                                               
────────────────────────────────────────────────────────────────────────────────
 opus-4 * auto | plan mode on | ↑0 ↓0 · cache 0/0% | ctx 0% | →1 ←0
