---
source: app/tui/src/widgets/mod.test.rs
expression: output
---
 ╭─╮ ╭─╮  COCO v0.0.0                                                                               
 │●│ │●│  deepseek/deepseek-v4-flash  *  auto                                                       
 ╰─╯ ╰─╯                                                                                            
                                                                                                    
────────────────────────────────────────────────────────────────────────────────────────────────────
❯                                                                                                   
────────────────────────────────────────────────────────────────────────────────────────────────────
 deepseek/deepseek-v4-flash * auto | ↑12.3K ↓16.5K · cache 86% | ctx 14% | 0 msgs
