---
source: app/tui/src/widgets/mod.test.rs
expression: output
---
 ╭─╮ ╭─╮  COCO v0.1.0                                                           
 │●│ │●│  no model selected                                                     
 ╰─╯ ╰─╯                                                                        
                                                                                
────────────────────────────────────────────────────────────────────────────────
❯ draft text                                                                    
reverse-i-search: zzz  no match─────────────────────────────────────────────────
 auto | ↑0 ↓0 · cache 0/0% | ctx -- | →0 ←0                                     
 ⏯ ask mode on · shift+tab to cycle
