---
source: app/tui/src/widgets/mod.test.rs
expression: output
---
 ╭─╮ ╭─╮   COCO v0.0.0                                                          
 │●│ │●│   opus-4  *  auto                                                      
 ╰─╯ ╰─╯                                                                        
                                                                                
────────────────────────────────────────────────────────────────────────────────
❯                                                                               
────────────────────────────────────────────────────────────────────────────────
 opus-4 * au┌ Error ───────────────────────────────────────────────┐            
            │Connection refused after 3 retries                    │            
            │                                                      │            
            │Category: network                                     │            
            │Non-retryable — this turn cannot be resumed.          │            
            │                                                      │            
            │Press Esc to dismiss.                                 │            
            │                                                      │            
            │                                                      │            
            └──────────────────────────────────────────────────────┘
