---
source: app/tui/src/widgets/mod.test.rs
expression: output
---
 ╭─╮ ╭─╮   COCO v0.0.0                                                                              
 │●│ │●│   opus-4  *  auto                                                                          
 ╰─╯ ╰─╯                                                                                            
                                                                                                    
Viewing @Explore · [esc to return]                                    ┌ Agents ─────────────────────
──────────────────────────────────────────────────────────────────────│▸ ● Search for auth handlers 
❯ Type a message...                                                   │  ✓ Design refactor plan (Pla
──────────────────────────────────────────────────────────────────────│  ✗ Run tests + verify (verif
 opus-4 * auto | ↑0 ↓0 · cache 0% | ctx 0% | 0 msgs                   │                             
                                                                      │                             
                                                                      │                             
                                                                      │                             
                                                                      │                             
                                                                      │                             
                                                                      │                             
                                                                      │                             
                                                                      │                             
                                                                      │                             
                                                                      │                             
                                                                      │                             
                                                                      │                             
                                                                      │                             
                                                                      │                             
                                                                      │
