---
source: app/tui/src/widgets/mod.test.rs
expression: output
---
 ╭─╮ ╭─╮   COCO v0.0.0                                                          
 │●│ │●│   opus-4  *  auto                                                      
 ╰─╯ ╰─╯                                                                        
                                                                                
❯ Hello, how are you?                                                           
                                                                                
⏺ I'm doing well! How can I help you today?                                     
                                                                                
────────────────────────────────────────────────────────────────────────────────
❯ Type a message...                                                             
────────────────────────────────────────────────────────────────────────────────
 opus-4 * auto | ↑0 ↓0 · cache 0% | ctx 0% | 2 msgs
