---
source: app/tui/src/widgets/mod.test.rs
expression: output
---
                                                                                
                                                                                
                                                                                
                                                                                
       ┌ Error ──────────────────────────────────────────────────────────┐      
       │Connection refused after 3 retries                               │      
       │                                                                 │      
       │Category: network                                                │      
       │Non-retryable — this turn cannot be resumed.                     │      
       │                                                                 │      
       │Press Esc to dismiss.                                            │      
       │                                                                 │      
       │                                                                 │      
       │                                                                 │      
       │                                                                 │      
       └─────────────────────────────────────────────────────────────────┘      
                                                                                
                                                                                
                                                                                
                                                                                
────────────────────────────────────────────────────────────────────────────────
❯                                                                               
────────────────────────────────────────────────────────────────────────────────
 opus-4 * auto | show thinking(F2):off | ↑0 ↓0 · cache 0% | ctx 0% | 0 msgs
