---
source: app/tui/src/presentation/request.test.rs
expression: body
---
Allow this operation?

Command:
  $ rm -rf /tmp/cache

Directory: /repo

⚠ Deletes cached files

Actions:
▸ Yes, approve once
  Yes, and don't ask again for Edit
  No, deny
↑/↓ Navigate  Enter Select  Y/N/A shortcuts

Risk: HIGH — data loss
This removes the build cache directory.
